adding ecoregions
ecoregions took 0.13999942541122437 minutes to add ecoregions
building cKDTree
querying cKDTree
took 0.6803960204124451 minutes to load KDtree for all 198414 points
Using cross validation along lon axis
169610 training points, 21788 testing points,  87.903% train, 11.292% test, 1.546 kilometers between test and train
166932 training points, 24979 testing points,  86.515% train, 12.946% test, 1.554 kilometers between test and train
184013 training points, 8306 testing points,  95.367% train, 4.305% test, 1.729 kilometers between test and train
187500 training points, 5190 testing points,  97.174% train, 2.69% test, 1.776 kilometers between test and train
182433 training points, 10198 testing points,  94.548% train, 5.285% test, 1.607 kilometers between test and train
183716 training points, 8850 testing points,  95.213% train, 4.587% test, 1.572 kilometers between test and train
178677 training points, 13876 testing points,  92.602% train, 7.191% test, 1.524 kilometers between test and train
176085 training points, 15907 testing points,  91.258% train, 8.244% test, 1.678 kilometers between test and train
138647 training points, 50118 testing points,  71.856% train, 25.974% test, 1.512 kilometers between test and train
168955 training points, 20902 testing points,  87.563% train, 10.833% test, 1.51 kilometers between test and train
building cKDTree
querying cKDTree
took 0.6463322758674621 minutes to load KDtree for all 192952 points
<class 'list'> 3343 torch.Size([4])
3343 3343 torch.Size([4]) torch.Size([4])
saving data!
