adding ecoregions
ecoregions took 2.970964515209198 minutes to add ecoregions
Warning: could not read /storage/group/hlc30/default/data/deepflora/IMAGES/ny_100cm_2017/40073/m_4007317_ne_18_1_20170809.npz (File is not a zip file), overwriting.
Warning: could not read /storage/group/hlc30/default/data/deepflora/IMAGES/ny_100cm_2017/43077/m_4307760_se_18_1_20170927.npz (File is not a zip file), overwriting.
Warning: could not read /storage/group/hlc30/default/data/deepflora/IMAGES/ny_100cm_2017/42073/m_4207357_se_18_1_20170925.npz (File is not a zip file), overwriting.
building cKDTree
querying cKDTree
took 0.8746407985687256 minutes to load KDtree for all 260001 points
Using cross validation along lon axis
252104 training points, 3327 testing points,  98.678% train, 1.302% test, 1.569 kilometers between test and train
244810 training points, 10489 testing points,  95.823% train, 4.106% test, 1.838 kilometers between test and train
241968 training points, 13306 testing points,  94.71% train, 5.208% test, 1.595 kilometers between test and train
246173 training points, 8758 testing points,  96.356% train, 3.428% test, 1.545 kilometers between test and train
223423 training points, 31761 testing points,  87.452% train, 12.432% test, 1.585 kilometers between test and train
246442 training points, 8737 testing points,  96.462% train, 3.42% test, 1.587 kilometers between test and train
237383 training points, 17218 testing points,  92.916% train, 6.739% test, 1.58 kilometers between test and train
109903 training points, 144454 testing points,  43.018% train, 56.542% test, 1.555 kilometers between test and train
244313 training points, 10873 testing points,  95.628% train, 4.256% test, 1.671 kilometers between test and train
252819 training points, 2634 testing points,  98.958% train, 1.031% test, 2.015 kilometers between test and train
building cKDTree
querying cKDTree
took 0.8409517486890157 minutes to load KDtree for all 255482 points
<class 'list'> 3880 torch.Size([4])
3880 3880 torch.Size([4]) torch.Size([4])
saving data!
