Tile 39080 is being handled by job 6 
Mosaicking to /scratch/kbl5733/tmp/39080_tmp.tif 
class       : SpatRaster 
size        : 139, 191, 1388  (nrow, ncol, nlyr)
resolution  : 256, 256  (x, y)
extent      : 537044.5, 585940.5, 4393006, 4428590  (xmin, xmax, ymin, ymax)
coord. ref. : NAD83 / UTM zone 17N (EPSG:26917) 
source      : 39080_tmp.tif 
varname     : m_3908004_ne_17_1_20170509_2017_raw 
names       : Medeo~niana, Thali~oides, Verat~iride, Ambro~folia, Huper~idula, Physa~folia, ... 
min values  :  0.00193931,   0.0000000, 0.002392706,  0.03988206,   0.0000000,   0.0000000, ... 
max values  :  1.00000000,   0.9866328, 1.000000000,  1.00000000,   0.8649775,   0.8453754, ... 
Projecting...|---------|---------|---------|---------|=========================================                                          class       : SpatRaster 
size        : 1321, 2035, 1388  (nrow, ncol, nlyr)
resolution  : 255.9804, 256.0498  (x, y)
extent      : 1264406, 1785326, 1958292, 2296534  (xmin, xmax, ymin, ymax)
coord. ref. : NAD83 / Conus Albers (EPSG:5070) 
source      : 39080.tif 
names       : Medeo~niana, Thali~oides, Verat~iride, Ambro~folia, Huper~idula, Physa~folia, ... 
min values  : 0.002473377,   0.0000000, 0.004862152,  0.05514089,   0.0000000,   0.0000000, ... 
max values  : 1.000000000,   0.9822893, 1.000000000,  1.00000000,   0.7887496,   0.8017349, ... 
Mosaicked output to /storage/home/kbl5733/gstorage/data/deepflora/maps/mosaic/39080.tif 
