Processing uniform train-test random forest
Fatal error: cannot open file 'src/deepbiosphere/src/deepbiosphere/Maxent_RF_bioclim.R': No such file or directory
ERROR: uniform train-test random forest failed
Processing uniform train-test maxent
Fatal error: cannot open file 'src/deepbiosphere/src/deepbiosphere/Maxent_RF_bioclim.R': No such file or directory
ERROR: uniform train-test maxent failed
Processing band 0 of 9 for random forest...
Fatal error: cannot open file 'src/deepbiosphere/src/deepbiosphere/Maxent_RF_bioclim.R': No such file or directory
ERROR: band 0 random forest failed
Processing band 0 of 9 for maxent...
Fatal error: cannot open file 'src/deepbiosphere/src/deepbiosphere/Maxent_RF_bioclim.R': No such file or directory
ERROR: band 0 maxent failed
Processing band 1 of 9 for random forest...
Fatal error: cannot open file 'src/deepbiosphere/src/deepbiosphere/Maxent_RF_bioclim.R': No such file or directory
ERROR: band 1 random forest failed
Processing band 1 of 9 for maxent...
Fatal error: cannot open file 'src/deepbiosphere/src/deepbiosphere/Maxent_RF_bioclim.R': No such file or directory
ERROR: band 1 maxent failed
Processing band 2 of 9 for random forest...
Fatal error: cannot open file 'src/deepbiosphere/src/deepbiosphere/Maxent_RF_bioclim.R': No such file or directory
ERROR: band 2 random forest failed
Processing band 2 of 9 for maxent...
Fatal error: cannot open file 'src/deepbiosphere/src/deepbiosphere/Maxent_RF_bioclim.R': No such file or directory
ERROR: band 2 maxent failed
Processing band 3 of 9 for random forest...
Fatal error: cannot open file 'src/deepbiosphere/src/deepbiosphere/Maxent_RF_bioclim.R': No such file or directory
ERROR: band 3 random forest failed
Processing band 3 of 9 for maxent...
Fatal error: cannot open file 'src/deepbiosphere/src/deepbiosphere/Maxent_RF_bioclim.R': No such file or directory
ERROR: band 3 maxent failed
Processing band 4 of 9 for random forest...
Fatal error: cannot open file 'src/deepbiosphere/src/deepbiosphere/Maxent_RF_bioclim.R': No such file or directory
ERROR: band 4 random forest failed
Processing band 4 of 9 for maxent...
Fatal error: cannot open file 'src/deepbiosphere/src/deepbiosphere/Maxent_RF_bioclim.R': No such file or directory
ERROR: band 4 maxent failed
Processing band 5 of 9 for random forest...
Fatal error: cannot open file 'src/deepbiosphere/src/deepbiosphere/Maxent_RF_bioclim.R': No such file or directory
ERROR: band 5 random forest failed
Processing band 5 of 9 for maxent...
Fatal error: cannot open file 'src/deepbiosphere/src/deepbiosphere/Maxent_RF_bioclim.R': No such file or directory
ERROR: band 5 maxent failed
Processing band 6 of 9 for random forest...
Fatal error: cannot open file 'src/deepbiosphere/src/deepbiosphere/Maxent_RF_bioclim.R': No such file or directory
ERROR: band 6 random forest failed
Processing band 6 of 9 for maxent...
Fatal error: cannot open file 'src/deepbiosphere/src/deepbiosphere/Maxent_RF_bioclim.R': No such file or directory
ERROR: band 6 maxent failed
Processing band 7 of 9 for random forest...
Fatal error: cannot open file 'src/deepbiosphere/src/deepbiosphere/Maxent_RF_bioclim.R': No such file or directory
ERROR: band 7 random forest failed
Processing band 7 of 9 for maxent...
Fatal error: cannot open file 'src/deepbiosphere/src/deepbiosphere/Maxent_RF_bioclim.R': No such file or directory
ERROR: band 7 maxent failed
Processing band 8 of 9 for random forest...
Fatal error: cannot open file 'src/deepbiosphere/src/deepbiosphere/Maxent_RF_bioclim.R': No such file or directory
ERROR: band 8 random forest failed
Processing band 8 of 9 for maxent...
Fatal error: cannot open file 'src/deepbiosphere/src/deepbiosphere/Maxent_RF_bioclim.R': No such file or directory
ERROR: band 8 maxent failed
Processing band 9 of 9 for random forest...
Fatal error: cannot open file 'src/deepbiosphere/src/deepbiosphere/Maxent_RF_bioclim.R': No such file or directory
ERROR: band 9 random forest failed
Processing band 9 of 9 for maxent...
Fatal error: cannot open file 'src/deepbiosphere/src/deepbiosphere/Maxent_RF_bioclim.R': No such file or directory
ERROR: band 9 maxent failed
